Flow report for floating-point-arithmetic
Sun Mar 15 16:00:08 2026
Quartus II 64-Bit Version 13.0.1 Build 232 06/12/2013 Service Pack 1 SJ Web Edition


---------------------
; Table of Contents ;
---------------------
  1. Legal Notice
  2. Flow Summary
  3. Flow Settings
  4. Flow Non-Default Global Settings
  5. Flow Elapsed Time
  6. Flow OS Summary
  7. Flow Log
  8. Flow Messages
  9. Flow Suppressed Messages



----------------
; Legal Notice ;
----------------
Copyright (C) 1991-2013 Altera Corporation
Your use of Altera Corporation's design tools, logic functions 
and other software and tools, and its AMPP partner logic 
functions, and any output files from any of the foregoing 
(including device programming or simulation files), and any 
associated documentation or information are expressly subject 
to the terms and conditions of the Altera Program License 
Subscription Agreement, Altera MegaCore Function License 
Agreement, or other applicable license agreement, including, 
without limitation, that your use is for the sole purpose of 
programming logic devices manufactured by Altera and sold by 
Altera or its authorized distributors.  Please refer to the 
applicable agreement for further details.



+--------------------------------------------------------------------------------------+
; Flow Summary                                                                         ;
+------------------------------------+-------------------------------------------------+
; Flow Status                        ; Successful - Sun Mar 15 16:00:05 2026           ;
; Quartus II 64-Bit Version          ; 13.0.1 Build 232 06/12/2013 SP 1 SJ Web Edition ;
; Revision Name                      ; floating-point-arithmetic                       ;
; Top-level Entity Name              ; mux2to1_23                                      ;
; Family                             ; Cyclone IV E                                    ;
; Device                             ; EP4CE115F29C7                                   ;
; Timing Models                      ; Final                                           ;
; Total logic elements               ; 23 / 114,480 ( < 1 % )                          ;
;     Total combinational functions  ; 23 / 114,480 ( < 1 % )                          ;
;     Dedicated logic registers      ; 0 / 114,480 ( 0 % )                             ;
; Total registers                    ; 0                                               ;
; Total pins                         ; 70 / 529 ( 13 % )                               ;
; Total virtual pins                 ; 0                                               ;
; Total memory bits                  ; 0 / 3,981,312 ( 0 % )                           ;
; Embedded Multiplier 9-bit elements ; 0 / 532 ( 0 % )                                 ;
; Total PLLs                         ; 0 / 4 ( 0 % )                                   ;
+------------------------------------+-------------------------------------------------+


+-----------------------------------------------+
; Flow Settings                                 ;
+-------------------+---------------------------+
; Option            ; Setting                   ;
+-------------------+---------------------------+
; Start date & time ; 03/15/2026 15:59:39       ;
; Main task         ; Compilation               ;
; Revision Name     ; floating-point-arithmetic ;
+-------------------+---------------------------+


+------------------------------------------------------------------------------------------------------------------------------+
; Flow Non-Default Global Settings                                                                                             ;
+-------------------------------------+---------------------------------+---------------------------+-------------+------------+
; Assignment Name                     ; Value                           ; Default Value             ; Entity Name ; Section Id ;
+-------------------------------------+---------------------------------+---------------------------+-------------+------------+
; COMPILER_SIGNATURE_ID               ; 189463326730997.177360477912068 ; --                        ; --          ; --         ;
; MAX_CORE_JUNCTION_TEMP              ; 85                              ; --                        ; --          ; --         ;
; MIN_CORE_JUNCTION_TEMP              ; 0                               ; --                        ; --          ; --         ;
; NOMINAL_CORE_SUPPLY_VOLTAGE         ; 1.2V                            ; --                        ; --          ; --         ;
; PARTITION_COLOR                     ; 16764057                        ; --                        ; mux2to1_23  ; Top        ;
; PARTITION_FITTER_PRESERVATION_LEVEL ; PLACEMENT_AND_ROUTING           ; --                        ; mux2to1_23  ; Top        ;
; PARTITION_NETLIST_TYPE              ; SOURCE                          ; --                        ; mux2to1_23  ; Top        ;
; PROJECT_OUTPUT_DIRECTORY            ; output_files                    ; --                        ; --          ; --         ;
; TOP_LEVEL_ENTITY                    ; mux2to1_23                      ; floating-point-arithmetic ; --          ; --         ;
+-------------------------------------+---------------------------------+---------------------------+-------------+------------+


+-------------------------------------------------------------------------------------------------------------------------------+
; Flow Elapsed Time                                                                                                             ;
+---------------------------+--------------+-------------------------+---------------------+------------------------------------+
; Module Name               ; Elapsed Time ; Average Processors Used ; Peak Virtual Memory ; Total CPU Time (on all processors) ;
+---------------------------+--------------+-------------------------+---------------------+------------------------------------+
; Analysis & Synthesis      ; 00:00:02     ; 1.0                     ; 4647 MB             ; 00:00:02                           ;
; Fitter                    ; 00:00:16     ; 1.0                     ; 5074 MB             ; 00:00:16                           ;
; Assembler                 ; 00:00:05     ; 1.0                     ; 4568 MB             ; 00:00:05                           ;
; TimeQuest Timing Analyzer ; 00:00:03     ; 1.0                     ; 4665 MB             ; 00:00:03                           ;
; Total                     ; 00:00:26     ; --                      ; --                  ; 00:00:26                           ;
+---------------------------+--------------+-------------------------+---------------------+------------------------------------+


+----------------------------------------------------------------------------------------+
; Flow OS Summary                                                                        ;
+---------------------------+------------------+-----------+------------+----------------+
; Module Name               ; Machine Hostname ; OS Name   ; OS Version ; Processor type ;
+---------------------------+------------------+-----------+------------+----------------+
; Analysis & Synthesis      ; DESKTOP-V4MQ4GQ  ; Windows 7 ; 6.2        ; x86_64         ;
; Fitter                    ; DESKTOP-V4MQ4GQ  ; Windows 7 ; 6.2        ; x86_64         ;
; Assembler                 ; DESKTOP-V4MQ4GQ  ; Windows 7 ; 6.2        ; x86_64         ;
; TimeQuest Timing Analyzer ; DESKTOP-V4MQ4GQ  ; Windows 7 ; 6.2        ; x86_64         ;
+---------------------------+------------------+-----------+------------+----------------+


------------
; Flow Log ;
------------
quartus_map --read_settings_files=on --write_settings_files=off floating-point-arithmetic -c floating-point-arithmetic
quartus_fit --read_settings_files=off --write_settings_files=off floating-point-arithmetic -c floating-point-arithmetic
quartus_asm --read_settings_files=off --write_settings_files=off floating-point-arithmetic -c floating-point-arithmetic
quartus_sta floating-point-arithmetic -c floating-point-arithmetic



